This is pdfTeX, Version 3.141592653-2.6-1.40.28 (MiKTeX 25.12) (preloaded format=pdflatex 2026.5.3)  7 MAY 2026 00:36
entering extended mode
 restricted \write18 enabled.
 file:line:error style messages enabled.
 %&-line parsing enabled.
**c:/AI_Proyecto1_2026/proyecto_IEEE.tex
(c:/AI_Proyecto1_2026/proyecto_IEEE.tex
LaTeX2e <2025-11-01>
L3 programming layer <2025-12-24>
(IEEEtran.cls
Document Class: IEEEtran 2015/08/26 V1.8b by Michael Shell
-- See the "IEEEtran_HOWTO" manual for usage information.
-- http://www.michaelshell.org/tex/ieeetran/
\@IEEEtrantmpdimenA=\dimen148
\@IEEEtrantmpdimenB=\dimen149
\@IEEEtrantmpdimenC=\dimen150
\@IEEEtrantmpcountA=\count275
\@IEEEtrantmpcountB=\count276
\@IEEEtrantmpcountC=\count277
\@IEEEtrantmptoksA=\toks17
LaTeX Font Info:    Trying to load font information for OT1+ptm on input line 503.
(C:\Users\boyfa\AppData\Local\Programs\MiKTeX\tex/latex/psnfss\ot1ptm.fd
File: ot1ptm.fd 2001/06/04 font definitions for OT1/ptm.
)
-- Using 8.5in x 11in (letter) paper.
-- Using PDF output.
\@IEEEnormalsizeunitybaselineskip=\dimen151
-- This is a 10 point document.
LaTeX Encoding Info:    Redeclaring text command \textunderscore (encoding ?) on input line 937.
\CLASSINFOnormalsizebaselineskip=\dimen152
\CLASSINFOnormalsizeunitybaselineskip=\dimen153
\IEEEnormaljot=\dimen154
LaTeX Font Info:    Font shape `OT1/ptm/bx/n' in size <5> not available
(Font)              Font shape `OT1/ptm/b/n' tried instead on input line 1090.
LaTeX Font Info:    Font shape `OT1/ptm/bx/it' in size <5> not available
(Font)              Font shape `OT1/ptm/b/it' tried instead on input line 1090.
LaTeX Font Info:    Font shape `OT1/ptm/bx/n' in size <7> not available
(Font)              Font shape `OT1/ptm/b/n' tried instead on input line 1090.
LaTeX Font Info:    Font shape `OT1/ptm/bx/it' in size <7> not available
(Font)              Font shape `OT1/ptm/b/it' tried instead on input line 1090.
LaTeX Font Info:    Font shape `OT1/ptm/bx/n' in size <8> not available
(Font)              Font shape `OT1/ptm/b/n' tried instead on input line 1090.
LaTeX Font Info:    Font shape `OT1/ptm/bx/it' in size <8> not available
(Font)              Font shape `OT1/ptm/b/it' tried instead on input line 1090.
LaTeX Font Info:    Font shape `OT1/ptm/bx/n' in size <9> not available
(Font)              Font shape `OT1/ptm/b/n' tried instead on input line 1090.
LaTeX Font Info:    Font shape `OT1/ptm/bx/it' in size <9> not available
(Font)              Font shape `OT1/ptm/b/it' tried instead on input line 1090.
LaTeX Font Info:    Font shape `OT1/ptm/bx/n' in size <10> not available
(Font)              Font shape `OT1/ptm/b/n' tried instead on input line 1090.
LaTeX Font Info:    Font shape `OT1/ptm/bx/it' in size <10> not available
(Font)              Font shape `OT1/ptm/b/it' tried instead on input line 1090.
LaTeX Font Info:    Font shape `OT1/ptm/bx/n' in size <11> not available
(Font)              Font shape `OT1/ptm/b/n' tried instead on input line 1090.
LaTeX Font Info:    Font shape `OT1/ptm/bx/it' in size <11> not available
(Font)              Font shape `OT1/ptm/b/it' tried instead on input line 1090.
LaTeX Font Info:    Font shape `OT1/ptm/bx/n' in size <12> not available
(Font)              Font shape `OT1/ptm/b/n' tried instead on input line 1090.
LaTeX Font Info:    Font shape `OT1/ptm/bx/it' in size <12> not available
(Font)              Font shape `OT1/ptm/b/it' tried instead on input line 1090.
LaTeX Font Info:    Font shape `OT1/ptm/bx/n' in size <17> not available
(Font)              Font shape `OT1/ptm/b/n' tried instead on input line 1090.
LaTeX Font Info:    Font shape `OT1/ptm/bx/it' in size <17> not available
(Font)              Font shape `OT1/ptm/b/it' tried instead on input line 1090.
LaTeX Font Info:    Font shape `OT1/ptm/bx/n' in size <20> not available
(Font)              Font shape `OT1/ptm/b/n' tried instead on input line 1090.
LaTeX Font Info:    Font shape `OT1/ptm/bx/it' in size <20> not available
(Font)              Font shape `OT1/ptm/b/it' tried instead on input line 1090.
LaTeX Font Info:    Font shape `OT1/ptm/bx/n' in size <24> not available
(Font)              Font shape `OT1/ptm/b/n' tried instead on input line 1090.
LaTeX Font Info:    Font shape `OT1/ptm/bx/it' in size <24> not available
(Font)              Font shape `OT1/ptm/b/it' tried instead on input line 1090.
\IEEEquantizedlength=\dimen155
\IEEEquantizedlengthdiff=\dimen156
\IEEEquantizedtextheightdiff=\dimen157
\IEEEilabelindentA=\dimen158
\IEEEilabelindentB=\dimen159
\IEEEilabelindent=\dimen160
\IEEEelabelindent=\dimen161
\IEEEdlabelindent=\dimen162
\IEEElabelindent=\dimen163
\IEEEiednormlabelsep=\dimen164
\IEEEiedmathlabelsep=\dimen165
\IEEEiedtopsep=\skip49
\c@section=\count278
\c@subsection=\count279
\c@subsubsection=\count280
\c@paragraph=\count281
\c@IEEEsubequation=\count282
\abovecaptionskip=\skip50
\belowcaptionskip=\skip51
\c@figure=\count283
\c@table=\count284
\@IEEEeqnnumcols=\count285
\@IEEEeqncolcnt=\count286
\@IEEEsubeqnnumrollback=\count287
\@IEEEquantizeheightA=\dimen166
\@IEEEquantizeheightB=\dimen167
\@IEEEquantizeheightC=\dimen168
\@IEEEquantizeprevdepth=\dimen169
\@IEEEquantizemultiple=\count288
\@IEEEquantizeboxA=\box53
\@IEEEtmpitemindent=\dimen170
\IEEEPARstartletwidth=\dimen171
\c@IEEEbiography=\count289
\@IEEEtranrubishbin=\box54
)
** ATTENTION: Overriding command lockouts (line 2).
(C:\Users\boyfa\AppData\Local\Programs\MiKTeX\tex/latex/cite\cite.sty
LaTeX Info: Redefining \cite on input line 302.
LaTeX Info: Redefining \nocite on input line 332.
Package: cite 2015/02/27  v 5.5
) (C:\Users\boyfa\AppData\Local\Programs\MiKTeX\tex/latex/amsmath\amsmath.sty
Package: amsmath 2025/07/09 v2.17z AMS math features
\@mathmargin=\skip52

For additional information on amsmath, use the `?' option.
(C:\Users\boyfa\AppData\Local\Programs\MiKTeX\tex/latex/amsmath\amstext.sty
Package: amstext 2024/11/17 v2.01 AMS text
 (C:\Users\boyfa\AppData\Local\Programs\MiKTeX\tex/latex/amsmath\amsgen.sty
File: amsgen.sty 1999/11/30 v2.0 generic functions
\@emptytoks=\toks18
\ex@=\dimen172
)) (C:\Users\boyfa\AppData\Local\Programs\MiKTeX\tex/latex/amsmath\amsbsy.sty
Package: amsbsy 1999/11/29 v1.2d Bold Symbols
\pmbraise@=\dimen173
) (C:\Users\boyfa\AppData\Local\Programs\MiKTeX\tex/latex/amsmath\amsopn.sty
Package: amsopn 2022/04/08 v2.04 operator names
)
\inf@bad=\count290
LaTeX Info: Redefining \frac on input line 233.
\uproot@=\count291
\leftroot@=\count292
LaTeX Info: Redefining \overline on input line 398.
LaTeX Info: Redefining \colon on input line 409.
\classnum@=\count293
\DOTSCASE@=\count294
LaTeX Info: Redefining \ldots on input line 495.
LaTeX Info: Redefining \dots on input line 498.
LaTeX Info: Redefining \cdots on input line 619.
\Mathstrutbox@=\box55
\strutbox@=\box56
LaTeX Info: Redefining \big on input line 721.
LaTeX Info: Redefining \Big on input line 722.
LaTeX Info: Redefining \bigg on input line 723.
LaTeX Info: Redefining \Bigg on input line 724.
\big@size=\dimen174
LaTeX Font Info:    Redeclaring font encoding OML on input line 742.
LaTeX Font Info:    Redeclaring font encoding OMS on input line 743.
\macc@depth=\count295
LaTeX Info: Redefining \bmod on input line 904.
LaTeX Info: Redefining \pmod on input line 909.
LaTeX Info: Redefining \smash on input line 939.
LaTeX Info: Redefining \relbar on input line 969.
LaTeX Info: Redefining \Relbar on input line 970.
\c@MaxMatrixCols=\count296
\dotsspace@=\muskip17
\c@parentequation=\count297
\dspbrk@lvl=\count298
\tag@help=\toks19
\row@=\count299
\column@=\count300
\maxfields@=\count301
\andhelp@=\toks20
\eqnshift@=\dimen175
\alignsep@=\dimen176
\tagshift@=\dimen177
\tagwidth@=\dimen178
\totwidth@=\dimen179
\lineht@=\dimen180
\@envbody=\toks21
\multlinegap=\skip53
\multlinetaggap=\skip54
\mathdisplay@stack=\toks22
LaTeX Info: Redefining \[ on input line 2950.
LaTeX Info: Redefining \] on input line 2951.
) (C:\Users\boyfa\AppData\Local\Programs\MiKTeX\tex/latex/amsfonts\amssymb.sty
Package: amssymb 2013/01/14 v3.01 AMS font symbols
 (C:\Users\boyfa\AppData\Local\Programs\MiKTeX\tex/latex/amsfonts\amsfonts.sty
Package: amsfonts 2013/01/14 v3.01 Basic AMSFonts support
\symAMSa=\mathgroup4
\symAMSb=\mathgroup5
LaTeX Font Info:    Redeclaring math symbol \hbar on input line 98.
LaTeX Font Info:    Overwriting math alphabet `\mathfrak' in version `bold'
(Font)                  U/euf/m/n --> U/euf/b/n on input line 106.
)) (C:\Users\boyfa\AppData\Local\Programs\MiKTeX\tex/latex/graphics\graphicx.sty
Package: graphicx 2024/12/31 v1.2e Enhanced LaTeX Graphics (DPC,SPQR)
 (C:\Users\boyfa\AppData\Local\Programs\MiKTeX\tex/latex/graphics\keyval.sty
Package: keyval 2022/05/29 v1.15 key=value parser (DPC)
\KV@toks@=\toks23
) (C:\Users\boyfa\AppData\Local\Programs\MiKTeX\tex/latex/graphics\graphics.sty
Package: graphics 2024/08/06 v1.4g Standard LaTeX Graphics (DPC,SPQR)
 (C:\Users\boyfa\AppData\Local\Programs\MiKTeX\tex/latex/graphics\trig.sty
Package: trig 2023/12/02 v1.11 sin cos tan (DPC)
) (C:\Users\boyfa\AppData\Local\Programs\MiKTeX\tex/latex/graphics-cfg\graphics.cfg
File: graphics.cfg 2016/06/04 v1.11 sample graphics configuration
)
Package graphics Info: Driver file: pdftex.def on input line 106.
 (C:\Users\boyfa\AppData\Local\Programs\MiKTeX\tex/latex/graphics-def\pdftex.def
File: pdftex.def 2025/09/29 v1.2d Graphics/color driver for pdftex
))
\Gin@req@height=\dimen181
\Gin@req@width=\dimen182
) (C:\Users\boyfa\AppData\Local\Programs\MiKTeX\tex/latex/base\textcomp.sty
Package: textcomp 2024/04/24 v2.1b Standard LaTeX package
) (C:\Users\boyfa\AppData\Local\Programs\MiKTeX\tex/latex/xcolor\xcolor.sty
Package: xcolor 2024/09/29 v3.02 LaTeX color extensions (UK)
 (C:\Users\boyfa\AppData\Local\Programs\MiKTeX\tex/latex/graphics-cfg\color.cfg
File: color.cfg 2016/01/02 v1.6 sample color configuration
)
Package xcolor Info: Driver file: pdftex.def on input line 274.
 (C:\Users\boyfa\AppData\Local\Programs\MiKTeX\tex/latex/graphics\mathcolor.ltx)
Package xcolor Info: Model `cmy' substituted by `cmy0' on input line 1349.
Package xcolor Info: Model `hsb' substituted by `rgb' on input line 1353.
Package xcolor Info: Model `RGB' extended on input line 1365.
Package xcolor Info: Model `HTML' substituted by `rgb' on input line 1367.
Package xcolor Info: Model `Hsb' substituted by `hsb' on input line 1368.
Package xcolor Info: Model `tHsb' substituted by `hsb' on input line 1369.
Package xcolor Info: Model `HSB' substituted by `hsb' on input line 1370.
Package xcolor Info: Model `Gray' substituted by `gray' on input line 1371.
Package xcolor Info: Model `wave' substituted by `hsb' on input line 1372.
) (C:\Users\boyfa\AppData\Local\Programs\MiKTeX\tex/latex/url\url.sty
\Urlmuskip=\muskip18
Package: url 2013/09/16  ver 3.4  Verb mode for urls, etc.
) (C:\Users\boyfa\AppData\Local\Programs\MiKTeX\tex/latex/hyperref\hyperref.sty
Package: hyperref 2025-07-12 v7.01o Hypertext links for LaTeX
 (C:\Users\boyfa\AppData\Local\Programs\MiKTeX\tex/generic/iftex\iftex.sty
Package: iftex 2024/12/12 v1.0g TeX engine tests
) (C:\Users\boyfa\AppData\Local\Programs\MiKTeX\tex/latex/kvsetkeys\kvsetkeys.sty
Package: kvsetkeys 2022-10-05 v1.19 Key value parser (HO)
) (C:\Users\boyfa\AppData\Local\Programs\MiKTeX\tex/generic/kvdefinekeys\kvdefinekeys.sty
Package: kvdefinekeys 2019-12-19 v1.6 Define keys (HO)
) (C:\Users\boyfa\AppData\Local\Programs\MiKTeX\tex/generic/pdfescape\pdfescape.sty
Package: pdfescape 2019/12/09 v1.15 Implements pdfTeX's escape features (HO)
 (C:\Users\boyfa\AppData\Local\Programs\MiKTeX\tex/generic/ltxcmds\ltxcmds.sty
Package: ltxcmds 2023-12-04 v1.26 LaTeX kernel commands for general use (HO)
) (C:\Users\boyfa\AppData\Local\Programs\MiKTeX\tex/generic/pdftexcmds\pdftexcmds.sty
Package: pdftexcmds 2020-06-27 v0.33 Utility functions of pdfTeX for LuaTeX (HO)
 (C:\Users\boyfa\AppData\Local\Programs\MiKTeX\tex/generic/infwarerr\infwarerr.sty
Package: infwarerr 2019/12/03 v1.5 Providing info/warning/error messages (HO)
)
Package pdftexcmds Info: \pdf@primitive is available.
Package pdftexcmds Info: \pdf@ifprimitive is available.
Package pdftexcmds Info: \pdfdraftmode found.
)) (C:\Users\boyfa\AppData\Local\Programs\MiKTeX\tex/latex/hycolor\hycolor.sty
Package: hycolor 2020-01-27 v1.10 Color options for hyperref/bookmark (HO)
) (C:\Users\boyfa\AppData\Local\Programs\MiKTeX\tex/latex/hyperref\nameref.sty
Package: nameref 2025-06-21 v2.57 Cross-referencing by name of section
 (C:\Users\boyfa\AppData\Local\Programs\MiKTeX\tex/latex/refcount\refcount.sty
Package: refcount 2019/12/15 v3.6 Data extraction from label references (HO)
) (C:\Users\boyfa\AppData\Local\Programs\MiKTeX\tex/generic/gettitlestring\gettitlestring.sty
Package: gettitlestring 2019/12/15 v1.6 Cleanup title references (HO)
 (C:\Users\boyfa\AppData\Local\Programs\MiKTeX\tex/latex/kvoptions\kvoptions.sty
Package: kvoptions 2022-06-15 v3.15 Key value format for package options (HO)
))
\c@section@level=\count302
) (C:\Users\boyfa\AppData\Local\Programs\MiKTeX\tex/latex/etoolbox\etoolbox.sty
Package: etoolbox 2025/10/02 v2.5m e-TeX tools for LaTeX (JAW)
\etb@tempcnta=\count303
) (C:\Users\boyfa\AppData\Local\Programs\MiKTeX\tex/generic/stringenc\stringenc.sty
Package: stringenc 2019/11/29 v1.12 Convert strings between diff. encodings (HO)
)
\@linkdim=\dimen183
\Hy@linkcounter=\count304
\Hy@pagecounter=\count305
 (C:\Users\boyfa\AppData\Local\Programs\MiKTeX\tex/latex/hyperref\pd1enc.def
File: pd1enc.def 2025-07-12 v7.01o Hyperref: PDFDocEncoding definition (HO)
Now handling font encoding PD1 ...
... no UTF-8 mapping file for font encoding PD1
) (C:\Users\boyfa\AppData\Local\Programs\MiKTeX\tex/generic/intcalc\intcalc.sty
Package: intcalc 2019/12/15 v1.3 Expandable calculations with integers (HO)
)
\Hy@SavedSpaceFactor=\count306
 (C:\Users\boyfa\AppData\Local\Programs\MiKTeX\tex/latex/hyperref\puenc.def
File: puenc.def 2025-07-12 v7.01o Hyperref: PDF Unicode definition (HO)
Now handling font encoding PU ...
... no UTF-8 mapping file for font encoding PU
)
Package hyperref Info: Hyper figures OFF on input line 4195.
Package hyperref Info: Link nesting OFF on input line 4200.
Package hyperref Info: Hyper index ON on input line 4203.
Package hyperref Info: Plain pages OFF on input line 4210.
Package hyperref Info: Backreferencing OFF on input line 4215.
Package hyperref Info: Implicit mode ON; LaTeX internals redefined.
Package hyperref Info: Bookmarks ON on input line 4462.
\c@Hy@tempcnt=\count307
LaTeX Info: Redefining \url on input line 4801.
\XeTeXLinkMargin=\dimen184
 (C:\Users\boyfa\AppData\Local\Programs\MiKTeX\tex/generic/bitset\bitset.sty
Package: bitset 2019/12/09 v1.3 Handle bit-vector datatype (HO)
 (C:\Users\boyfa\AppData\Local\Programs\MiKTeX\tex/generic/bigintcalc\bigintcalc.sty
Package: bigintcalc 2019/12/15 v1.5 Expandable calculations on big integers (HO)
))
\Fld@menulength=\count308
\Field@Width=\dimen185
\Fld@charsize=\dimen186
Package hyperref Info: Hyper figures OFF on input line 6078.
Package hyperref Info: Link nesting OFF on input line 6083.
Package hyperref Info: Hyper index ON on input line 6086.
Package hyperref Info: backreferencing OFF on input line 6093.
Package hyperref Info: Link coloring OFF on input line 6098.
Package hyperref Info: Link coloring with OCG OFF on input line 6103.
Package hyperref Info: PDF/A mode OFF on input line 6108.
\Hy@abspage=\count309
\c@Item=\count310
\c@Hfootnote=\count311
)
Package hyperref Info: Driver (autodetected): hpdftex.
 (C:\Users\boyfa\AppData\Local\Programs\MiKTeX\tex/latex/hyperref\hpdftex.def
File: hpdftex.def 2025-07-12 v7.01o Hyperref driver for pdfTeX
\Fld@listcount=\count312
\c@bookmark@seq@number=\count313
 (C:\Users\boyfa\AppData\Local\Programs\MiKTeX\tex/latex/rerunfilecheck\rerunfilecheck.sty
Package: rerunfilecheck 2025-06-21 v1.11 Rerun checks for auxiliary files (HO)
 (C:\Users\boyfa\AppData\Local\Programs\MiKTeX\tex/generic/uniquecounter\uniquecounter.sty
Package: uniquecounter 2019/12/15 v1.4 Provide unlimited unique counter (HO)
)
Package uniquecounter Info: New unique counter `rerunfilecheck' on input line 284.
)
\Hy@SectionHShift=\skip55
) (C:\Users\boyfa\AppData\Local\Programs\MiKTeX\tex/latex/booktabs\booktabs.sty
Package: booktabs 2020/01/12 v1.61803398 Publication quality tables
\heavyrulewidth=\dimen187
\lightrulewidth=\dimen188
\cmidrulewidth=\dimen189
\belowrulesep=\dimen190
\belowbottomsep=\dimen191
\aboverulesep=\dimen192
\abovetopsep=\dimen193
\cmidrulesep=\dimen194
\cmidrulekern=\dimen195
\defaultaddspace=\dimen196
\@cmidla=\count314
\@cmidlb=\count315
\@aboverulesep=\dimen197
\@belowrulesep=\dimen198
\@thisruleclass=\count316
\@lastruleclass=\count317
\@thisrulewidth=\dimen199
) (C:\Users\boyfa\AppData\Local\Programs\MiKTeX\tex/latex/l3backend\l3backend-pdftex.def
File: l3backend-pdftex.def 2025-10-09 L3 backend support: PDF output (pdfTeX)
\l__color_backend_stack_int=\count318
) (proyecto_IEEE.aux)
\openout1 = `proyecto_IEEE.aux'.

LaTeX Font Info:    Checking defaults for OML/cmm/m/it on input line 15.
LaTeX Font Info:    ... okay on input line 15.
LaTeX Font Info:    Checking defaults for OMS/cmsy/m/n on input line 15.
LaTeX Font Info:    ... okay on input line 15.
LaTeX Font Info:    Checking defaults for OT1/cmr/m/n on input line 15.
LaTeX Font Info:    ... okay on input line 15.
LaTeX Font Info:    Checking defaults for T1/cmr/m/n on input line 15.
LaTeX Font Info:    ... okay on input line 15.
LaTeX Font Info:    Checking defaults for TS1/cmr/m/n on input line 15.
LaTeX Font Info:    ... okay on input line 15.
LaTeX Font Info:    Checking defaults for OMX/cmex/m/n on input line 15.
LaTeX Font Info:    ... okay on input line 15.
LaTeX Font Info:    Checking defaults for U/cmr/m/n on input line 15.
LaTeX Font Info:    ... okay on input line 15.
LaTeX Font Info:    Checking defaults for PD1/pdf/m/n on input line 15.
LaTeX Font Info:    ... okay on input line 15.
LaTeX Font Info:    Checking defaults for PU/pdf/m/n on input line 15.
LaTeX Font Info:    ... okay on input line 15.

-- Lines per column: 56 (exact).
(C:\Users\boyfa\AppData\Local\Programs\MiKTeX\tex/context/base/mkii\supp-pdf.mkii
[Loading MPS to PDF converter (version 2006.09.02).]
\scratchcounter=\count319
\scratchdimen=\dimen256
\scratchbox=\box57
\nofMPsegments=\count320
\nofMParguments=\count321
\everyMPshowfont=\toks24
\MPscratchCnt=\count322
\MPscratchDim=\dimen257
\MPnumerator=\count323
\makeMPintoPDFobject=\count324
\everyMPtoPDFconversion=\toks25
) (C:\Users\boyfa\AppData\Local\Programs\MiKTeX\tex/latex/epstopdf-pkg\epstopdf-base.sty
Package: epstopdf-base 2020-01-24 v2.11 Base part for package epstopdf
Package epstopdf-base Info: Redefining graphics rule for `.eps' on input line 485.
 (C:\Users\boyfa\AppData\Local\Programs\MiKTeX\tex/latex/00miktex\epstopdf-sys.cfg
File: epstopdf-sys.cfg 2021/03/18 v2.0 Configuration of epstopdf for MiKTeX
))
Package hyperref Info: Link coloring OFF on input line 15.
 (proyecto_IEEE.out) (proyecto_IEEE.out)
\@outlinefile=\write3
\openout3 = `proyecto_IEEE.out'.

LaTeX Font Info:    Trying to load font information for U+msa on input line 35.
 (C:\Users\boyfa\AppData\Local\Programs\MiKTeX\tex/latex/amsfonts\umsa.fd
File: umsa.fd 2013/01/14 v3.01 AMS symbols A
)
LaTeX Font Info:    Trying to load font information for U+msb on input line 35.
 (C:\Users\boyfa\AppData\Local\Programs\MiKTeX\tex/latex/amsfonts\umsb.fd
File: umsb.fd 2013/01/14 v3.01 AMS symbols B
)
LaTeX Font Info:    Font shape `OT1/cmtt/bx/n' in size <9> not available
(Font)              Font shape `OT1/cmtt/m/n' tried instead on input line 35.

Underfull \hbox (badness 2884) in paragraph at lines 59--60
[]\OT1/ptm/m/n/10 Cada clip se re-muestrea a mono PCM de 16kHz
 []


Underfull \hbox (badness 2229) in paragraph at lines 59--60
\OT1/ptm/m/n/10 y se recorta o rel-lena a una ven-tana fija de un se-
 []

[1{C:/Users/boyfa/AppData/Local/MiKTeX/fonts/map/pdftex/pdftex.map}{C:/Users/boyfa/AppData/Local/Programs/MiKTeX/fonts/enc/dvips/base/8r.enc}


]
Underfull \hbox (badness 1377) in paragraph at lines 73--74
[]\OT1/ptm/b/n/10 SpecAugment [[]1[]]: \OT1/ptm/m/n/10 En-mas-caramiento de blo-ques de
 []


Underfull \hbox (badness 5260) in paragraph at lines 73--74
\OT1/ptm/m/n/10 fre-cuen-cias y tiempo di-rec-ta-mente so-bre el mel-
 []

LaTeX Font Info:    Font shape `OT1/cmtt/bx/n' in size <10> not available
(Font)              Font shape `OT1/cmtt/m/n' tried instead on input line 93.

Overfull \hbox (10.74377pt too wide) in paragraph at lines 138--156
 [][] 
 []

<images/Modelo_LeNet5_adaptado.png, id=155, 952.30782pt x 255.20343pt>
File: images/Modelo_LeNet5_adaptado.png Graphic file (type png)
<use images/Modelo_LeNet5_adaptado.png>
Package pdftex.def Info: images/Modelo_LeNet5_adaptado.png  used on input line 159.
(pdftex.def)             Requested size: 252.0pt x 67.53123pt.
[2]
Overfull \hbox (7.06995pt too wide) in paragraph at lines 192--210
 [][] 
 []

<images/Modelo_MobileNetV2_adaptado.png, id=172, 1058.45438pt x 236.38312pt>
File: images/Modelo_MobileNetV2_adaptado.png Graphic file (type png)
<use images/Modelo_MobileNetV2_adaptado.png>
Package pdftex.def Info: images/Modelo_MobileNetV2_adaptado.png  used on input line 213.
(pdftex.def)             Requested size: 252.0pt x 56.27863pt.

Underfull \hbox (badness 5771) in paragraph at lines 226--227
[]\OT1/ptm/m/n/10 En el cuaderno de en-tre-namiento, las cor-ri-das de
 []


Underfull \hbox (badness 2197) in paragraph at lines 226--227
\OT1/ptm/m/n/10 am-bos mod-e-los se reg-is-traron bajo el mismo proyecto
 []


Underfull \hbox (badness 10000) in paragraph at lines 226--227
\OT1/ptm/m/n/10 W&B []$https : / / wandb . ai / fabriciomenamejia-[]tec-[]costa-[]rica /
 []


Underfull \hbox (badness 10000) in paragraph at lines 226--227
\OT1/ptm/m/n/10 speech-[]commands-[]model-[]a$[], difer-en-ci-adas por el
 []


Underfull \hbox (badness 8189) in paragraph at lines 226--227
\OT1/ptm/m/n/10 nom-bre de cada \OT1/ptm/m/it/10 run \OT1/ptm/m/n/10 (p.ej. \OT1/cmtt/m/n/10 modelo-a-raw-config1\OT1/ptm/m/n/10 ,
 []

<images/wandb_dashboard_overview.png, id=175, 1.00375pt x 1.00375pt>
File: images/wandb_dashboard_overview.png Graphic file (type png)
<use images/wandb_dashboard_overview.png>
Package pdftex.def Info: images/wandb_dashboard_overview.png  used on input line 229.
(pdftex.def)             Requested size: 252.0pt x 252.94208pt.

Underfull \hbox (badness 2221) in paragraph at lines 267--268
\OT1/cmr/m/n/10 10[]$\OT1/ptm/m/n/10 , tama[]no de lote (BS) de 128, y mane-jador
 []


Underfull \hbox (badness 2020) in paragraph at lines 268--269
\OT1/ptm/m/n/10 tama[]no de lote de 64, y el pro-gra-mador \OT1/cmtt/m/n/10 StepLR
 []

[3 <./images/Modelo_LeNet5_adaptado.png> <./images/Modelo_MobileNetV2_adaptado.png>]
<images/Grafica_Loss_Modelo_A_raw.png, id=189, 1204.5pt x 501.875pt>
File: images/Grafica_Loss_Modelo_A_raw.png Graphic file (type png)
<use images/Grafica_Loss_Modelo_A_raw.png>
Package pdftex.def Info: images/Grafica_Loss_Modelo_A_raw.png  used on input line 294.
(pdftex.def)             Requested size: 252.0pt x 104.99864pt.
<images/Grafica_Accuracy_Modelo_A_raw.png, id=190, 1204.5pt x 501.875pt>
File: images/Grafica_Accuracy_Modelo_A_raw.png Graphic file (type png)
<use images/Grafica_Accuracy_Modelo_A_raw.png>
Package pdftex.def Info: images/Grafica_Accuracy_Modelo_A_raw.png  used on input line 302.
(pdftex.def)             Requested size: 252.0pt x 104.99864pt.
 [4 <./images/wandb_dashboard_overview.png> <./images/Grafica_Loss_Modelo_A_raw.png>]
<images/Grafica_F1_Modelo_A_raw.png, id=200, 1204.5pt x 501.875pt>
File: images/Grafica_F1_Modelo_A_raw.png Graphic file (type png)
<use images/Grafica_F1_Modelo_A_raw.png>
Package pdftex.def Info: images/Grafica_F1_Modelo_A_raw.png  used on input line 310.
(pdftex.def)             Requested size: 252.0pt x 104.99864pt.
<images/Matriz_Confusion_Modelo_A_raw.png, id=201, 1003.75pt x 803.0pt>
File: images/Matriz_Confusion_Modelo_A_raw.png Graphic file (type png)
<use images/Matriz_Confusion_Modelo_A_raw.png>
Package pdftex.def Info: images/Matriz_Confusion_Modelo_A_raw.png  used on input line 318.
(pdftex.def)             Requested size: 252.0pt x 201.59494pt.
<images/Grafica_Loss_Modelo_A_augmented.png, id=202, 1204.5pt x 501.875pt>
File: images/Grafica_Loss_Modelo_A_augmented.png Graphic file (type png)
<use images/Grafica_Loss_Modelo_A_augmented.png>
Package pdftex.def Info: images/Grafica_Loss_Modelo_A_augmented.png  used on input line 351.
(pdftex.def)             Requested size: 252.0pt x 104.99864pt.
<images/Grafica_Accuracy_Modelo_A_augmented.png, id=203, 1204.5pt x 501.875pt>
File: images/Grafica_Accuracy_Modelo_A_augmented.png Graphic file (type png)
<use images/Grafica_Accuracy_Modelo_A_augmented.png>
Package pdftex.def Info: images/Grafica_Accuracy_Modelo_A_augmented.png  used on input line 357.
(pdftex.def)             Requested size: 252.0pt x 104.99864pt.
<images/Grafica_F1_Modelo_A_augmented.png, id=204, 1204.5pt x 501.875pt>
File: images/Grafica_F1_Modelo_A_augmented.png Graphic file (type png)
<use images/Grafica_F1_Modelo_A_augmented.png>
Package pdftex.def Info: images/Grafica_F1_Modelo_A_augmented.png  used on input line 363.
(pdftex.def)             Requested size: 252.0pt x 104.99864pt.
 [5 <./images/Grafica_Accuracy_Modelo_A_raw.png> <./images/Grafica_F1_Modelo_A_raw.png> <./images/Matriz_Confusion_Modelo_A_raw.png> <./images/Grafica_Loss_Modelo_A_augmented.png>]
<images/Matriz_Confusion_Modelo_A_augmented.png, id=218, 1003.75pt x 803.0pt>
File: images/Matriz_Confusion_Modelo_A_augmented.png Graphic file (type png)
<use images/Matriz_Confusion_Modelo_A_augmented.png>
Package pdftex.def Info: images/Matriz_Confusion_Modelo_A_augmented.png  used on input line 371.
(pdftex.def)             Requested size: 252.0pt x 201.59494pt.

Underfull \hbox (badness 4353) in paragraph at lines 384--385
\OT1/ptm/m/n/10 tama[]no de lote de 64, y \OT1/cmtt/m/n/10 StepLR \OT1/ptm/m/n/10 (step[]size=10,
 []

<images/Grafica_Loss_Modelo_B_raw.png, id=220, 1204.5pt x 501.875pt>
File: images/Grafica_Loss_Modelo_B_raw.png Graphic file (type png)
<use images/Grafica_Loss_Modelo_B_raw.png>
Package pdftex.def Info: images/Grafica_Loss_Modelo_B_raw.png  used on input line 410.
(pdftex.def)             Requested size: 252.0pt x 104.99864pt.
<images/Grafica_Accuracy_Modelo_B_raw.png, id=221, 1204.5pt x 501.875pt>
File: images/Grafica_Accuracy_Modelo_B_raw.png Graphic file (type png)
<use images/Grafica_Accuracy_Modelo_B_raw.png>
Package pdftex.def Info: images/Grafica_Accuracy_Modelo_B_raw.png  used on input line 416.
(pdftex.def)             Requested size: 252.0pt x 104.99864pt.
<images/Grafica_F1_Modelo_B_raw.png, id=222, 1204.5pt x 501.875pt>
File: images/Grafica_F1_Modelo_B_raw.png Graphic file (type png)
<use images/Grafica_F1_Modelo_B_raw.png>
Package pdftex.def Info: images/Grafica_F1_Modelo_B_raw.png  used on input line 424.
(pdftex.def)             Requested size: 252.0pt x 104.99864pt.
<images/Matriz_Confusion_Modelo_B_raw.png, id=223, 1003.75pt x 803.0pt>
File: images/Matriz_Confusion_Modelo_B_raw.png Graphic file (type png)
<use images/Matriz_Confusion_Modelo_B_raw.png>
Package pdftex.def Info: images/Matriz_Confusion_Modelo_B_raw.png  used on input line 430.
(pdftex.def)             Requested size: 252.0pt x 201.59494pt.
[6 <./images/Grafica_Accuracy_Modelo_A_augmented.png> <./images/Grafica_F1_Modelo_A_augmented.png> <./images/Matriz_Confusion_Modelo_A_augmented.png>]
Underfull \hbox (badness 4353) in paragraph at lines 443--444
\OT1/ptm/m/n/10 tama[]no de lote de 64, y \OT1/cmtt/m/n/10 StepLR \OT1/ptm/m/n/10 (step[]size=10,
 []

<images/Grafica_Loss_Modelo_B_augmented.png, id=236, 1204.5pt x 501.875pt>
File: images/Grafica_Loss_Modelo_B_augmented.png Graphic file (type png)
<use images/Grafica_Loss_Modelo_B_augmented.png>
Package pdftex.def Info: images/Grafica_Loss_Modelo_B_augmented.png  used on input line 467.
(pdftex.def)             Requested size: 252.0pt x 104.99864pt.
<images/Grafica_Accuracy_Modelo_B_augmented.png, id=237, 1204.5pt x 501.875pt>
File: images/Grafica_Accuracy_Modelo_B_augmented.png Graphic file (type png)
<use images/Grafica_Accuracy_Modelo_B_augmented.png>
Package pdftex.def Info: images/Grafica_Accuracy_Modelo_B_augmented.png  used on input line 473.
(pdftex.def)             Requested size: 252.0pt x 104.99864pt.
<images/Grafica_F1_Modelo_B_augmented.png, id=238, 1204.5pt x 501.875pt>
File: images/Grafica_F1_Modelo_B_augmented.png Graphic file (type png)
<use images/Grafica_F1_Modelo_B_augmented.png>
Package pdftex.def Info: images/Grafica_F1_Modelo_B_augmented.png  used on input line 479.
(pdftex.def)             Requested size: 252.0pt x 104.99864pt.
<images/Matriz_Confusion_Modelo_B_augmented.png, id=239, 1003.75pt x 803.0pt>
File: images/Matriz_Confusion_Modelo_B_augmented.png Graphic file (type png)
<use images/Matriz_Confusion_Modelo_B_augmented.png>
Package pdftex.def Info: images/Matriz_Confusion_Modelo_B_augmented.png  used on input line 485.
(pdftex.def)             Requested size: 252.0pt x 201.59494pt.
[7 <./images/Grafica_Loss_Modelo_B_raw.png> <./images/Grafica_Accuracy_Modelo_B_raw.png> <./images/Grafica_F1_Modelo_B_raw.png> <./images/Matriz_Confusion_Modelo_B_raw.png> <./images/Grafica_Loss_Modelo_B_augmented.png>]
<images/onnx_export_parity_error.png, id=260, 1.00375pt x 1.00375pt>
File: images/onnx_export_parity_error.png Graphic file (type png)
<use images/onnx_export_parity_error.png>
Package pdftex.def Info: images/onnx_export_parity_error.png  used on input line 502.
(pdftex.def)             Requested size: 252.0pt x 252.94208pt.
 [8 <./images/Grafica_Accuracy_Modelo_B_augmented.png> <./images/Grafica_F1_Modelo_B_augmented.png> <./images/Matriz_Confusion_Modelo_B_augmented.png> <./images/onnx_export_parity_error.png>]
<images/android_onnx_runtime_screenshot.png, id=276, 1.00375pt x 1.00375pt>
File: images/android_onnx_runtime_screenshot.png Graphic file (type png)
<use images/android_onnx_runtime_screenshot.png>
Package pdftex.def Info: images/android_onnx_runtime_screenshot.png  used on input line 514.
(pdftex.def)             Requested size: 252.0pt x 252.94208pt.

Underfull \hbox (badness 10000) in paragraph at lines 546--547
[]$\OT1/ptm/m/n/8 https : / / www . tensor^^Mow . org / datasets / catalog / speech[]commands$[].
 []


Underfull \hbox (badness 4819) in paragraph at lines 552--553
\OT1/ptm/m/n/8 / / developer . android . com / reference / android / media / MediaRecorder$[]. [Ac-
 []


Underfull \hbox (badness 1655) in paragraph at lines 555--556
[]\OT1/ptm/m/n/8 Android De-vel-op-ers, ``Get started with Jet-pack Com-pose,'' 2026.
 []


** Conference Paper **
Before submitting the final camera ready copy, remember to:

 1. Manually equalize the lengths of two columns on the last page
 of your paper;

 2. Ensure that any PostScript and/or PDF output post-processing
 uses only Type 1 fonts and that every step in the generation
 process uses the appropriate paper size.

[9 <./images/android_onnx_runtime_screenshot.png>] (proyecto_IEEE.aux)
 ***********
LaTeX2e <2025-11-01>
L3 programming layer <2025-12-24>
 ***********
Package rerunfilecheck Info: File `proyecto_IEEE.out' has not changed.
(rerunfilecheck)             Checksum: E2BE02719DE028F4374108D0E87274CB;6950.
 ) 
Here is how much of TeX's memory you used:
 11431 strings out of 467871
 182599 string characters out of 5418377
 615535 words of memory out of 5000000
 40095 multiletter control sequences out of 15000+600000
 669516 words of font info for 123 fonts, out of 8000000 for 9000
 1141 hyphenation exceptions out of 8191
 75i,9n,79p,1509b,532s stack positions out of 10000i,1000n,20000p,200000b,200000s
<C:/Users/boyfa/AppData/Local/Programs/MiKTeX/fonts/type1/public/amsfonts/cm/cmex10.pfb><C:/Users/boyfa/AppData/Local/Programs/MiKTeX/fonts/type1/public/amsfonts/cm/cmmi10.pfb><C:/Users/boyfa/AppData/Local/Programs/MiKTeX/fonts/type1/public/amsfonts/cm/cmmi5.pfb><C:/Users/boyfa/AppData/Local/Programs/MiKTeX/fonts/type1/public/amsfonts/cm/cmmi7.pfb><C:/Users/boyfa/AppData/Local/Programs/MiKTeX/fonts/type1/public/amsfonts/cm/cmmi8.pfb><C:/Users/boyfa/AppData/Local/Programs/MiKTeX/fonts/type1/public/amsfonts/cm/cmmi9.pfb><C:/Users/boyfa/AppData/Local/Programs/MiKTeX/fonts/type1/public/amsfonts/cm/cmr10.pfb><C:/Users/boyfa/AppData/Local/Programs/MiKTeX/fonts/type1/public/amsfonts/cm/cmr7.pfb><C:/Users/boyfa/AppData/Local/Programs/MiKTeX/fonts/type1/public/amsfonts/cm/cmr8.pfb><C:/Users/boyfa/AppData/Local/Programs/MiKTeX/fonts/type1/public/amsfonts/cm/cmr9.pfb><C:/Users/boyfa/AppData/Local/Programs/MiKTeX/fonts/type1/public/amsfonts/cm/cmsy10.pfb><C:/Users/boyfa/AppData/Local/Programs/MiKTeX/fonts/type1/public/amsfonts/cm/cmsy6.pfb><C:/Users/boyfa/AppData/Local/Programs/MiKTeX/fonts/type1/public/amsfonts/cm/cmsy7.pfb><C:/Users/boyfa/AppData/Local/Programs/MiKTeX/fonts/type1/public/amsfonts/cm/cmsy8.pfb><C:/Users/boyfa/AppData/Local/Programs/MiKTeX/fonts/type1/public/amsfonts/cm/cmsy9.pfb><C:/Users/boyfa/AppData/Local/Programs/MiKTeX/fonts/type1/public/amsfonts/cm/cmtt10.pfb><C:/Users/boyfa/AppData/Local/Programs/MiKTeX/fonts/type1/public/amsfonts/cm/cmtt8.pfb><C:/Users/boyfa/AppData/Local/Programs/MiKTeX/fonts/type1/public/amsfonts/cm/cmtt9.pfb><C:/Users/boyfa/AppData/Local/Programs/MiKTeX/fonts/type1/urw/times/utmb8a.pfb><C:/Users/boyfa/AppData/Local/Programs/MiKTeX/fonts/type1/urw/times/utmbi8a.pfb><C:/Users/boyfa/AppData/Local/Programs/MiKTeX/fonts/type1/urw/times/utmr8a.pfb><C:/Users/boyfa/AppData/Local/Programs/MiKTeX/fonts/type1/urw/times/utmri8a.pfb>
Output written on proyecto_IEEE.pdf (9 pages, 1988222 bytes).
PDF statistics:
 409 PDF objects out of 1000 (max. 8388607)
 76 named destinations out of 1000 (max. 500000)
 346 words of extra memory for PDF output out of 10000 (max. 10000000)

