\BOOKMARK [1][-]{section.1}{\376\377\000M\000a\000r\000c\000o\000\040\000t\000e\000\363\000r\000i\000c\000o}{}% 1
\BOOKMARK [1][-]{section.2}{\376\377\000D\000a\000t\000a\000s\000e\000t\000\040\000y\000\040\000p\000r\000e\000p\000r\000o\000c\000e\000s\000a\000m\000i\000e\000n\000t\000o}{}% 2
\BOOKMARK [2][-]{subsection.2.1}{\376\377\000S\000p\000e\000e\000c\000h\000\040\000C\000o\000m\000m\000a\000n\000d\000s\000\040\000v\0000\000.\0000\0002\000\040\000y\000\040\000s\000u\000b\000c\000o\000n\000j\000u\000n\000t\000o\000\040\000d\000e\000\040\000d\000i\000e\000z\000\040\000c\000l\000a\000s\000e\000s}{section.2}% 3
\BOOKMARK [2][-]{subsection.2.2}{\376\377\000D\000i\000v\000i\000s\000i\000\363\000n\000\040\000e\000n\000t\000r\000e\000n\000a\000m\000i\000e\000n\000t\000o\000,\000\040\000v\000a\000l\000i\000d\000a\000c\000i\000\363\000n\000\040\000y\000\040\000p\000r\000u\000e\000b\000a}{section.2}% 4
\BOOKMARK [2][-]{subsection.2.3}{\376\377\000R\000e\000p\000r\000e\000s\000e\000n\000t\000a\000c\000i\000\363\000n\000\040\000t\000i\000p\000o\000\040\000i\000m\000a\000g\000e\000n\000\040\000y\000\040\000f\000l\000u\000j\000o\000\040\000r\000e\000p\000r\000o\000d\000u\000c\000i\000b\000l\000e}{section.2}% 5
\BOOKMARK [1][-]{section.3}{\376\377\000D\000i\000s\000e\000\361\000o\000\040\000d\000e\000\040\000a\000r\000q\000u\000i\000t\000e\000c\000t\000u\000r\000a\000\040\000d\000e\000\040\000I\000A}{}% 6
\BOOKMARK [2][-]{subsection.3.1}{\376\377\000C\000o\000n\000t\000r\000o\000l\000\040\000d\000e\000\040\000A\000l\000e\000a\000t\000o\000r\000i\000e\000d\000a\000d\000\040\000y\000\040\000R\000e\000p\000r\000o\000d\000u\000c\000i\000b\000i\000l\000i\000d\000a\000d}{section.3}% 7
\BOOKMARK [2][-]{subsection.3.2}{\376\377\000S\000e\000l\000e\000c\000c\000i\000\363\000n\000\040\000d\000e\000\040\000T\000\351\000c\000n\000i\000c\000a\000s\000\040\000d\000e\000\040\000A\000u\000m\000e\000n\000t\000a\000c\000i\000\363\000n\000\040\000d\000e\000\040\000D\000a\000t\000o\000s}{section.3}% 8
\BOOKMARK [2][-]{subsection.3.3}{\376\377\000M\000o\000d\000e\000l\000o\000\040\000A\000:\000\040\000L\000e\000N\000e\000t\000-\0005\000\040\000A\000d\000a\000p\000t\000a\000d\000o}{section.3}% 9
\BOOKMARK [3][-]{subsubsection.3.3.1}{\376\377\000J\000u\000s\000t\000i\000f\000i\000c\000a\000c\000i\000\363\000n\000\040\000d\000e\000\040\000m\000o\000d\000i\000f\000i\000c\000a\000c\000i\000o\000n\000e\000s}{subsection.3.3}% 10
\BOOKMARK [3][-]{subsubsection.3.3.2}{\376\377\000D\000e\000f\000i\000n\000i\000c\000i\000\363\000n\000\040\000d\000e\000\040\000l\000a\000\040\000A\000r\000q\000u\000i\000t\000e\000c\000t\000u\000r\000a}{subsection.3.3}% 11
\BOOKMARK [3][-]{subsubsection.3.3.3}{\376\377\000F\000u\000n\000c\000i\000\363\000n\000\040\000d\000e\000\040\000P\000\351\000r\000d\000i\000d\000a\000,\000\040\000O\000p\000t\000i\000m\000i\000z\000a\000d\000o\000r\000\040\000y\000\040\000E\000n\000t\000r\000e\000n\000a\000m\000i\000e\000n\000t\000o}{subsection.3.3}% 12
\BOOKMARK [2][-]{subsection.3.4}{\376\377\000M\000o\000d\000e\000l\000o\000\040\000B\000:\000\040\000M\000o\000b\000i\000l\000e\000N\000e\000t\000V\0002\000\040\000A\000d\000a\000p\000t\000a\000d\000o}{section.3}% 13
\BOOKMARK [3][-]{subsubsection.3.4.1}{\376\377\000J\000u\000s\000t\000i\000f\000i\000c\000a\000c\000i\000\363\000n\000\040\000d\000e\000\040\000m\000o\000d\000i\000f\000i\000c\000a\000c\000i\000o\000n\000e\000s}{subsection.3.4}% 14
\BOOKMARK [3][-]{subsubsection.3.4.2}{\376\377\000D\000e\000f\000i\000n\000i\000c\000i\000\363\000n\000\040\000d\000e\000\040\000l\000a\000\040\000A\000r\000q\000u\000i\000t\000e\000c\000t\000u\000r\000a}{subsection.3.4}% 15
\BOOKMARK [3][-]{subsubsection.3.4.3}{\376\377\000F\000u\000n\000c\000i\000\363\000n\000\040\000d\000e\000\040\000P\000\351\000r\000d\000i\000d\000a\000,\000\040\000O\000p\000t\000i\000m\000i\000z\000a\000d\000o\000r\000\040\000y\000\040\000E\000n\000t\000r\000e\000n\000a\000m\000i\000e\000n\000t\000o}{subsection.3.4}% 16
\BOOKMARK [1][-]{section.4}{\376\377\000A\000n\000\341\000l\000i\000s\000i\000s\000\040\000y\000\040\000c\000o\000m\000p\000a\000r\000a\000c\000i\000\363\000n\000\040\000d\000e\000\040\000r\000e\000s\000u\000l\000t\000a\000d\000o\000s}{}% 17
\BOOKMARK [2][-]{subsection.4.1}{\376\377\000R\000e\000g\000i\000s\000t\000r\000o\000\040\000d\000e\000\040\000e\000x\000p\000e\000r\000i\000m\000e\000n\000t\000o\000s\000\040\000c\000o\000n\000\040\000W\000e\000i\000g\000h\000t\000s\000\040\000\046\000\040\000B\000i\000a\000s\000e\000s}{section.4}% 18
\BOOKMARK [2][-]{subsection.4.2}{\376\377\000M\000o\000d\000e\000l\000o\000\040\000A\000:\000\040\000D\000a\000t\000o\000s\000\040\000c\000r\000u\000d\000o\000s}{section.4}% 19
\BOOKMARK [2][-]{subsection.4.3}{\376\377\000M\000o\000d\000e\000l\000o\000\040\000A\000:\000\040\000D\000a\000t\000o\000s\000\040\000a\000u\000m\000e\000n\000t\000a\000d\000o\000s}{section.4}% 20
\BOOKMARK [2][-]{subsection.4.4}{\376\377\000M\000o\000d\000e\000l\000o\000\040\000B\000:\000\040\000D\000a\000t\000o\000s\000\040\000c\000r\000u\000d\000o\000s}{section.4}% 21
\BOOKMARK [2][-]{subsection.4.5}{\376\377\000M\000o\000d\000e\000l\000o\000\040\000B\000:\000\040\000D\000a\000t\000o\000s\000\040\000a\000u\000m\000e\000n\000t\000a\000d\000o\000s}{section.4}% 22
\BOOKMARK [1][-]{section.5}{\376\377\000E\000x\000p\000o\000r\000t\000a\000c\000i\000\363\000n\000\040\000O\000N\000N\000X\000,\000\040\000p\000a\000r\000i\000d\000a\000d\000\040\000y\000\040\000a\000p\000l\000i\000c\000a\000c\000i\000\363\000n\000\040\000m\000\363\000v\000i\000l}{}% 23
\BOOKMARK [2][-]{subsection.5.1}{\376\377\000C\000o\000n\000g\000e\000l\000a\000c\000i\000\363\000n\000\040\000d\000e\000l\000\040\000m\000o\000d\000e\000l\000o\000\040\000y\000\040\000e\000x\000p\000o\000r\000t\000a\000c\000i\000\363\000n}{section.5}% 24
\BOOKMARK [2][-]{subsection.5.2}{\376\377\000C\000o\000m\000p\000r\000o\000b\000a\000c\000i\000\363\000n\000\040\000d\000e\000\040\000p\000a\000r\000i\000d\000a\000d\000\040\000f\000r\000e\000n\000t\000e\000\040\000a\000\040\000P\000y\000T\000o\000r\000c\000h}{section.5}% 25
\BOOKMARK [2][-]{subsection.5.3}{\376\377\000O\000N\000N\000X\000\040\000R\000u\000n\000t\000i\000m\000e\000\040\000M\000o\000b\000i\000l\000e\000\040\000y\000\040\000c\000o\000n\000t\000r\000a\000t\000o\000\040\000d\000e\000\040\000p\000r\000e\000p\000r\000o\000c\000e\000s\000a\000m\000i\000e\000n\000t\000o}{section.5}% 26
\BOOKMARK [2][-]{subsection.5.4}{\376\377\000C\000o\000h\000e\000r\000e\000n\000c\000i\000a\000\040\000s\000a\000l\000i\000d\000a\040\023\000a\000c\000c\000i\000o\000n\000e\000s\000\040\000e\000n\000\040\000l\000a\000\040\000i\000n\000t\000e\000r\000f\000a\000z}{section.5}% 27
\BOOKMARK [1][-]{section.6}{\376\377\000C\000o\000n\000c\000l\000u\000s\000i\000o\000n\000e\000s}{}% 28
\BOOKMARK [1][-]{section.7}{\376\377\000R\000e\000f\000e\000r\000e\000n\000c\000i\000a\000s}{}% 29
\BOOKMARK [1][-]{section*.29}{\376\377\000R\000e\000f\000e\000r\000e\000n\000c\000e\000s}{}% 30
